
> my-next-app@0.1.0 build
> next build

node.exe : ΓÜá 
Warning: Next.js 
inferred your 
workspace root, but 
it may not be 
correct.
At C:\Program Files\n
odejs\npm.ps1:29 
char:3
+   & $NODE_EXE 
$NPM_CLI_JS $args
+   ~~~~~~~~~~~~~~~~~
~~~~~~~~~~~~
    + CategoryInfo   
           : NotSpe  
  cified: (ΓÜá War   
 ning: Ne...not b    
e correct.:Strin    
g) [], RemoteExc    
eption
    + FullyQualified 
   ErrorId : Native  
  CommandError
 
 We detected 
multiple lockfiles 
and selected the 
directory of 
D:\pnpm-lock.yaml as 
the root directory.
 To silence this 
warning, set 
`turbopack.root` in 
your Next.js config, 
or consider removing 
one of the lockfiles 
if it's not needed.
   See https://nextjs
.org/docs/app/api-ref
erence/config/next-co
nfig-js/turbopack#roo
t-directory for more 
information.
 Detected additional 
lockfiles: 
   * D:\my-next-app\p
ackage-lock.json

Γû▓ Next.js 16.1.6 (Turbopack)

ΓÜá The "middleware" 
file convention is 
deprecated. Please 
use "proxy" instead. 
Learn more: https://n
extjs.org/docs/messag
es/middleware-to-prox
y
  Creating an optimized production build ...

> Build error 
occurred
Error: Turbopack 
build failed with 15 
errors:
./my-next-app/middlew
are.ts
Middleware is 
missing expected 
function export name
This function is 
what Next.js runs 
for every request 
handled by this 
middleware.

Why this happens:
- The file exists 
but doesn't export a 
function.
- The export is not 
a function (e.g., an 
object or constant).
- There's a syntax 
error preventing the 
export from being 
recognized.

To fix it:
- Ensure this file 
has either a default 
or "middleware" 
function export.

Learn more: https://n
extjs.org/docs/messag
es/middleware-to-prox
y


./my-next-app/lib/pri
sma.ts:1:1
Module not found: 
Can't resolve 
'@prisma/client'
[0m[31m[1m>[22m[
39m[90m 1 |[39m 
[36mimport[39m { [
33mPrismaClient[39m 
} [36mfrom[39m [32
m"@prisma/client"[39
m[33m;[39m
 [90m   |[39m [31m
[1m^[22m[39m[31m
[1m^[22m[39m[31m[
1m^[22m[39m[31m[1
m^[22m[39m[31m[1m
^[22m[39m[31m[1m^
[22m[39m[31m[1m^
[22m[39m[31m[1m^[
22m[39m[31m[1m^[2
2m[39m[31m[1m^[22
m[39m[31m[1m^[22m
[39m[31m[1m^[22m
[39m[31m[1m^[22m[
39m[31m[1m^[22m[3
9m[31m[1m^[22m[39
m[31m[1m^[22m[39m
[31m[1m^[22m[39m
[31m[1m^[22m[39m[
31m[1m^[22m[39m[3
1m[1m^[22m[39m[31
m[1m^[22m[39m[31m
[1m^[22m[39m[31m
[1m^[22m[39m[31m[
1m^[22m[39m[31m[1
m^[22m[39m[31m[1m
^[22m[39m[31m[1m^
[22m[39m[31m[1m^
[22m[39m[31m[1m^[
22m[39m[31m[1m^[2
2m[39m[31m[1m^[22
m[39m[31m[1m^[22m
[39m[31m[1m^[22m
[39m[31m[1m^[22m[
39m[31m[1m^[22m[3
9m[31m[1m^[22m[39
m[31m[1m^[22m[39m
[31m[1m^[22m[39m
[31m[1m^[22m[39m[
31m[1m^[22m[39m[3
1m[1m^[22m[39m[31
m[1m^[22m[39m[31m
[1m^[22m[39m[31m
[1m^[22m[39m[31m[
1m^[22m[39m[31m[1
m^[22m[39m
 [90m 2 |[39m
 [90m 3 |[39m 
[36mconst[39m 
globalForPrisma 
[33m=[39m global 
[36mas[39m unknown 
[36mas[39m {
 [90m 4 |[39m   
prisma[33m:[39m [3
3mPrismaClient[39m 
[33m|[39m undefined
[33m;[39m[0m



Import trace:
  App Route:
    ./my-next-app/lib
/prisma.ts
    ./my-next-app/app
/api/admin/login/rout
e.ts

https://nextjs.org/do
cs/messages/module-no
t-found


./my-next-app/app/api
/admin/login/route.ts
:2:1
Module not found: 
Can't resolve 
'bcryptjs'
[0m [90m 1 |[39m 
[36mimport[39m { 
prisma } 
[36mfrom[39m [32m"
@/lib/prisma"[39m[3
3m;[39m
[31m[1m>[22m[39m
[90m 2 |[39m 
[36mimport[39m 
bcrypt 
[36mfrom[39m [32m"
bcryptjs"[39m[33m;
[39m
 [90m   |[39m [31m
[1m^[22m[39m[31m
[1m^[22m[39m[31m[
1m^[22m[39m[31m[1
m^[22m[39m[31m[1m
^[22m[39m[31m[1m^
[22m[39m[31m[1m^
[22m[39m[31m[1m^[
22m[39m[31m[1m^[2
2m[39m[31m[1m^[22
m[39m[31m[1m^[22m
[39m[31m[1m^[22m
[39m[31m[1m^[22m[
39m[31m[1m^[22m[3
9m[31m[1m^[22m[39
m[31m[1m^[22m[39m
[31m[1m^[22m[39m
[31m[1m^[22m[39m[
31m[1m^[22m[39m[3
1m[1m^[22m[39m[31
m[1m^[22m[39m[31m
[1m^[22m[39m[31m
[1m^[22m[39m[31m[
1m^[22m[39m[31m[1
m^[22m[39m[31m[1m
^[22m[39m[31m[1m^
[22m[39m[31m[1m^
[22m[39m[31m[1m^[
22m[39m[31m[1m^[2
2m[39m
 [90m 3 |[39m 
[36mimport[39m jwt 
[36mfrom[39m [32m"
jsonwebtoken"[39m[3
3m;[39m
 [90m 4 |[39m 
[36mimport[39m { [
33mNextResponse[39m 
} [36mfrom[39m [32
m"next/server"[39m[
33m;[39m
 [90m 5 |[39m[0m



https://nextjs.org/do
cs/messages/module-no
t-found


./my-next-app/app/api
/admin/register/route
.ts:3:1
Module not found: 
Can't resolve 
'bcryptjs'
[0m [90m 1 |[39m 
[36mimport[39m { 
prisma } 
[36mfrom[39m [32m"
@/lib/prisma"[39m[3
3m;[39m
 [90m 2 |[39m 
[36mimport[39m { [
33mNextResponse[39m 
} [36mfrom[39m [32
m"next/server"[39m[
33m;[39m
[31m[1m>[22m[39m
[90m 3 |[39m 
[36mimport[39m 
bcrypt 
[36mfrom[39m [32m"
bcryptjs"[39m[33m;
[39m
 [90m   |[39m [31m
[1m^[22m[39m[31m
[1m^[22m[39m[31m[
1m^[22m[39m[31m[1
m^[22m[39m[31m[1m
^[22m[39m[31m[1m^
[22m[39m[31m[1m^
[22m[39m[31m[1m^[
22m[39m[31m[1m^[2
2m[39m[31m[1m^[22
m[39m[31m[1m^[22m
[39m[31m[1m^[22m
[39m[31m[1m^[22m[
39m[31m[1m^[22m[3
9m[31m[1m^[22m[39
m[31m[1m^[22m[39m
[31m[1m^[22m[39m
[31m[1m^[22m[39m[
31m[1m^[22m[39m[3
1m[1m^[22m[39m[31
m[1m^[22m[39m[31m
[1m^[22m[39m[31m
[1m^[22m[39m[31m[
1m^[22m[39m[31m[1
m^[22m[39m[31m[1m
^[22m[39m[31m[1m^
[22m[39m[31m[1m^
[22m[39m[31m[1m^[
22m[39m[31m[1m^[2
2m[39m
 [90m 4 |[39m 
[36mimport[39m jwt 
[36mfrom[39m [32m"
jsonwebtoken"[39m[3
3m;[39m
 [90m 5 |[39m
 [90m 6 |[39m 
[36mif[39m ([33m!
[39mprocess[33m.[39
menv[33m.[39m[33mJ
WT_SECRET[39m) {[0m



https://nextjs.org/do
cs/messages/module-no
t-found


./my-next-app/middlew
are.ts:3:1
Module not found: 
Can't resolve 'jose'
[0m [90m 1 |[39m 
[36mimport[39m { [
33mNextResponse[39m 
} [36mfrom[39m [32
m"next/server"[39m[
33m;[39m
 [90m 2 |[39m 
[36mimport[39m 
type { [33mNextReque
st[39m } 
[36mfrom[39m [32m"
next/server"[39m[33
m;[39m
[31m[1m>[22m[39m
[90m 3 |[39m 
[36mimport[39m { 
jwtVerify } 
[36mfrom[39m [32m"
jose"[39m[33m;[39m
 [90m   |[39m [31m
[1m^[22m[39m[31m
[1m^[22m[39m[31m[
1m^[22m[39m[31m[1
m^[22m[39m[31m[1m
^[22m[39m[31m[1m^
[22m[39m[31m[1m^
[22m[39m[31m[1m^[
22m[39m[31m[1m^[2
2m[39m[31m[1m^[22
m[39m[31m[1m^[22m
[39m[31m[1m^[22m
[39m[31m[1m^[22m[
39m[31m[1m^[22m[3
9m[31m[1m^[22m[39
m[31m[1m^[22m[39m
[31m[1m^[22m[39m
[31m[1m^[22m[39m[
31m[1m^[22m[39m[3
1m[1m^[22m[39m[31
m[1m^[22m[39m[31m
[1m^[22m[39m[31m
[1m^[22m[39m[31m[
1m^[22m[39m[31m[1
m^[22m[39m[31m[1m
^[22m[39m[31m[1m^
[22m[39m[31m[1m^
[22m[39m[31m[1m^[
22m[39m[31m[1m^[2
2m[39m[31m[1m^[22
m[39m[31m[1m^[22m
[39m[31m[1m^[22m
[39m
 [90m 4 |[39m
 [90m 5 |[39m 
[36mif[39m ([33m!
[39mprocess[33m.[39
menv[33m.[39m[33mJ
WT_SECRET[39m) {
 [90m 6 |[39m   
[36mthrow[39m 
[36mnew[39m [33mEr
ror[39m([32m"JWT_SE
CRET is not defined"
[39m)[33m;[39m[0m



https://nextjs.org/do
cs/messages/module-no
t-found


./my-next-app/app/api
/admin/login/route.ts
:3:1
Module not found: 
Can't resolve 
'jsonwebtoken'
[0m [90m 1 |[39m 
[36mimport[39m { 
prisma } 
[36mfrom[39m [32m"
@/lib/prisma"[39m[3
3m;[39m
 [90m 2 |[39m 
[36mimport[39m 
bcrypt 
[36mfrom[39m [32m"
bcryptjs"[39m[33m;
[39m
[31m[1m>[22m[39m
[90m 3 |[39m 
[36mimport[39m jwt 
[36mfrom[39m [32m"
jsonwebtoken"[39m[3
3m;[39m
 [90m   |[39m [31m
[1m^[22m[39m[31m
[1m^[22m[39m[31m[
1m^[22m[39m[31m[1
m^[22m[39m[31m[1m
^[22m[39m[31m[1m^
[22m[39m[31m[1m^
[22m[39m[31m[1m^[
22m[39m[31m[1m^[2
2m[39m[31m[1m^[22
m[39m[31m[1m^[22m
[39m[31m[1m^[22m
[39m[31m[1m^[22m[
39m[31m[1m^[22m[3
9m[31m[1m^[22m[39
m[31m[1m^[22m[39m
[31m[1m^[22m[39m
[31m[1m^[22m[39m[
31m[1m^[22m[39m[3
1m[1m^[22m[39m[31
m[1m^[22m[39m[31m
[1m^[22m[39m[31m
[1m^[22m[39m[31m[
1m^[22m[39m[31m[1
m^[22m[39m[31m[1m
^[22m[39m[31m[1m^
[22m[39m[31m[1m^
[22m[39m[31m[1m^[
22m[39m[31m[1m^[2
2m[39m[31m[1m^[22
m[39m
 [90m 4 |[39m 
[36mimport[39m { [
33mNextResponse[39m 
} [36mfrom[39m [32
m"next/server"[39m[
33m;[39m
 [90m 5 |[39m
 [90m 6 |[39m 
[36mconst[39m 
[33mJWT_SECRET[39m 
[33m=[39m process[
33m.[39menv[33m.[3
9m[33mJWT_SECRET[39
m [36mas[39m 
string[33m;[39m[0m



https://nextjs.org/do
cs/messages/module-no
t-found


./my-next-app/app/api
/admin/register/route
.ts:4:1
Module not found: 
Can't resolve 
'jsonwebtoken'
[0m [90m 2 |[39m 
[36mimport[39m { [
33mNextResponse[39m 
} [36mfrom[39m [32
m"next/server"[39m[
33m;[39m
 [90m 3 |[39m 
[36mimport[39m 
bcrypt 
[36mfrom[39m [32m"
bcryptjs"[39m[33m;
[39m
[31m[1m>[22m[39m
[90m 4 |[39m 
[36mimport[39m jwt 
[36mfrom[39m [32m"
jsonwebtoken"[39m[3
3m;[39m
 [90m   |[39m [31m
[1m^[22m[39m[31m
[1m^[22m[39m[31m[
1m^[22m[39m[31m[1
m^[22m[39m[31m[1m
^[22m[39m[31m[1m^
[22m[39m[31m[1m^
[22m[39m[31m[1m^[
22m[39m[31m[1m^[2
2m[39m[31m[1m^[22
m[39m[31m[1m^[22m
[39m[31m[1m^[22m
[39m[31m[1m^[22m[
39m[31m[1m^[22m[3
9m[31m[1m^[22m[39
m[31m[1m^[22m[39m
[31m[1m^[22m[39m
[31m[1m^[22m[39m[
31m[1m^[22m[39m[3
1m[1m^[22m[39m[31
m[1m^[22m[39m[31m
[1m^[22m[39m[31m
[1m^[22m[39m[31m[
1m^[22m[39m[31m[1
m^[22m[39m[31m[1m
^[22m[39m[31m[1m^
[22m[39m[31m[1m^
[22m[39m[31m[1m^[
22m[39m[31m[1m^[2
2m[39m[31m[1m^[22
m[39m
 [90m 5 |[39m
 [90m 6 |[39m 
[36mif[39m ([33m!
[39mprocess[33m.[39
menv[33m.[39m[33mJ
WT_SECRET[39m) {
 [90m 7 |[39m   
[36mthrow[39m 
[36mnew[39m [33mEr
ror[39m([32m"JWT_SE
CRET is not defined"
[39m)[33m;[39m[0m



https://nextjs.org/do
cs/messages/module-no
t-found


./my-next-app/app/api
/admin/verify/route.t
s:2:1
Module not found: 
Can't resolve 
'jsonwebtoken'
[0m [90m 1 |[39m 
[36mimport[39m { 
cookies } 
[36mfrom[39m [32m"
next/headers"[39m[3
3m;[39m
[31m[1m>[22m[39m
[90m 2 |[39m 
[36mimport[39m jwt 
[36mfrom[39m [32m"
jsonwebtoken"[39m[3
3m;[39m
 [90m   |[39m [31m
[1m^[22m[39m[31m
[1m^[22m[39m[31m[
1m^[22m[39m[31m[1
m^[22m[39m[31m[1m
^[22m[39m[31m[1m^
[22m[39m[31m[1m^
[22m[39m[31m[1m^[
22m[39m[31m[1m^[2
2m[39m[31m[1m^[22
m[39m[31m[1m^[22m
[39m[31m[1m^[22m
[39m[31m[1m^[22m[
39m[31m[1m^[22m[3
9m[31m[1m^[22m[39
m[31m[1m^[22m[39m
[31m[1m^[22m[39m
[31m[1m^[22m[39m[
31m[1m^[22m[39m[3
1m[1m^[22m[39m[31
m[1m^[22m[39m[31m
[1m^[22m[39m[31m
[1m^[22m[39m[31m[
1m^[22m[39m[31m[1
m^[22m[39m[31m[1m
^[22m[39m[31m[1m^
[22m[39m[31m[1m^
[22m[39m[31m[1m^[
22m[39m[31m[1m^[2
2m[39m[31m[1m^[22
m[39m
 [90m 3 |[39m 
[36mimport[39m { 
prisma } 
[36mfrom[39m [32m"
@/lib/prisma"[39m[3
3m;[39m
 [90m 4 |[39m 
[36mimport[39m { [
33mNextResponse[39m 
} [36mfrom[39m [32
m"next/server"[39m[
33m;[39m
 [90m 5 |[39m[0m



https://nextjs.org/do
cs/messages/module-no
t-found


./my-next-app/app/api
/brands/[id]/route.ts
:3:1
Module not found: 
Can't resolve 
'slugify'
[0m [90m 1 |[39m 
[36mimport[39m { 
prisma } 
[36mfrom[39m [32m"
@/lib/prisma"[39m[3
3m;[39m
 [90m 2 |[39m 
[36mimport[39m { [
33mNextResponse[39m 
} [36mfrom[39m [32
m"next/server"[39m[
33m;[39m
[31m[1m>[22m[39m
[90m 3 |[39m 
[36mimport[39m 
slugify 
[36mfrom[39m [32m"
slugify"[39m[33m;[
39m
 [90m   |[39m [31m
[1m^[22m[39m[31m
[1m^[22m[39m[31m[
1m^[22m[39m[31m[1
m^[22m[39m[31m[1m
^[22m[39m[31m[1m^
[22m[39m[31m[1m^
[22m[39m[31m[1m^[
22m[39m[31m[1m^[2
2m[39m[31m[1m^[22
m[39m[31m[1m^[22m
[39m[31m[1m^[22m
[39m[31m[1m^[22m[
39m[31m[1m^[22m[3
9m[31m[1m^[22m[39
m[31m[1m^[22m[39m
[31m[1m^[22m[39m
[31m[1m^[22m[39m[
31m[1m^[22m[39m[3
1m[1m^[22m[39m[31
m[1m^[22m[39m[31m
[1m^[22m[39m[31m
[1m^[22m[39m[31m[
1m^[22m[39m[31m[1
m^[22m[39m[31m[1m
^[22m[39m[31m[1m^
[22m[39m[31m[1m^
[22m[39m[31m[1m^[
22m[39m[31m[1m^[2
2m[39m
 [90m 4 |[39m
 [90m 5 |[39m 
[36mexport[39m 
[36masync[39m 
[36mfunction[39m [
33mPUT[39m(req[33m:
[39m [33mRequest[3
9m[33m,[39m { 
params }[33m:[39m 
any) {
 [90m 6 |[39m   
[36mconst[39m { 
name } [33m=[39m 
[36mawait[39m req[
33m.[39mjson()[33m;
[39m[0m



https://nextjs.org/do
cs/messages/module-no
t-found


./my-next-app/app/api
/brands/route.ts:3:1
Module not found: 
Can't resolve 
'slugify'
[0m [90m 1 |[39m 
[36mimport[39m { 
prisma } 
[36mfrom[39m [32m"
@/lib/prisma"[39m[3
3m;[39m
 [90m 2 |[39m 
[36mimport[39m { [
33mNextResponse[39m 
} [36mfrom[39m [32
m"next/server"[39m[
33m;[39m
[31m[1m>[22m[39m
[90m 3 |[39m 
[36mimport[39m 
slugify 
[36mfrom[39m [32m"
slugify"[39m[33m;[
39m
 [90m   |[39m [31m
[1m^[22m[39m[31m
[1m^[22m[39m[31m[
1m^[22m[39m[31m[1
m^[22m[39m[31m[1m
^[22m[39m[31m[1m^
[22m[39m[31m[1m^
[22m[39m[31m[1m^[
22m[39m[31m[1m^[2
2m[39m[31m[1m^[22
m[39m[31m[1m^[22m
[39m[31m[1m^[22m
[39m[31m[1m^[22m[
39m[31m[1m^[22m[3
9m[31m[1m^[22m[39
m[31m[1m^[22m[39m
[31m[1m^[22m[39m
[31m[1m^[22m[39m[
31m[1m^[22m[39m[3
1m[1m^[22m[39m[31
m[1m^[22m[39m[31m
[1m^[22m[39m[31m
[1m^[22m[39m[31m[
1m^[22m[39m[31m[1
m^[22m[39m[31m[1m
^[22m[39m[31m[1m^
[22m[39m[31m[1m^
[22m[39m[31m[1m^[
22m[39m[31m[1m^[2
2m[39m
 [90m 4 |[39m
 [90m 5 |[39m 
[36mexport[39m 
[36masync[39m 
[36mfunction[39m [
33mPOST[39m(req[33m
:[39m 
[33mRequest[39m) {
 [90m 6 |[39m   
[36mconst[39m { 
name } [33m=[39m 
[36mawait[39m req[
33m.[39mjson()[33m;
[39m[0m



https://nextjs.org/do
cs/messages/module-no
t-found


./my-next-app/app/api
/categories/[id]/rout
e.ts:3:1
Module not found: 
Can't resolve 
'slugify'
[0m [90m 1 |[39m 
[36mimport[39m { 
prisma } 
[36mfrom[39m [32m"
@/lib/prisma"[39m[3
3m;[39m
 [90m 2 |[39m 
[36mimport[39m { [
33mNextResponse[39m 
} [36mfrom[39m [32
m"next/server"[39m[
33m;[39m
[31m[1m>[22m[39m
[90m 3 |[39m 
[36mimport[39m 
slugify 
[36mfrom[39m [32m"
slugify"[39m[33m;[
39m
 [90m   |[39m [31m
[1m^[22m[39m[31m
[1m^[22m[39m[31m[
1m^[22m[39m[31m[1
m^[22m[39m[31m[1m
^[22m[39m[31m[1m^
[22m[39m[31m[1m^
[22m[39m[31m[1m^[
22m[39m[31m[1m^[2
2m[39m[31m[1m^[22
m[39m[31m[1m^[22m
[39m[31m[1m^[22m
[39m[31m[1m^[22m[
39m[31m[1m^[22m[3
9m[31m[1m^[22m[39
m[31m[1m^[22m[39m
[31m[1m^[22m[39m
[31m[1m^[22m[39m[
31m[1m^[22m[39m[3
1m[1m^[22m[39m[31
m[1m^[22m[39m[31m
[1m^[22m[39m[31m
[1m^[22m[39m[31m[
1m^[22m[39m[31m[1
m^[22m[39m[31m[1m
^[22m[39m[31m[1m^
[22m[39m[31m[1m^
[22m[39m[31m[1m^[
22m[39m[31m[1m^[2
2m[39m
 [90m 4 |[39m
 [90m 5 |[39m 
[36mexport[39m 
[36masync[39m 
[36mfunction[39m [
33mPUT[39m(req[33m:
[39m [33mRequest[3
9m[33m,[39m { 
params }[33m:[39m 
any) {
 [90m 6 |[39m   
[36mconst[39m { 
name } [33m=[39m 
[36mawait[39m req[
33m.[39mjson()[33m;
[39m[0m



https://nextjs.org/do
cs/messages/module-no
t-found


./my-next-app/app/api
/categories/route.ts:
3:1
Module not found: 
Can't resolve 
'slugify'
[0m [90m 1 |[39m 
[36mimport[39m { 
prisma } 
[36mfrom[39m [32m"
@/lib/prisma"[39m[3
3m;[39m
 [90m 2 |[39m 
[36mimport[39m { [
33mNextResponse[39m 
} [36mfrom[39m [32
m"next/server"[39m[
33m;[39m
[31m[1m>[22m[39m
[90m 3 |[39m 
[36mimport[39m 
slugify 
[36mfrom[39m [32m"
slugify"[39m[33m;[
39m
 [90m   |[39m [31m
[1m^[22m[39m[31m
[1m^[22m[39m[31m[
1m^[22m[39m[31m[1
m^[22m[39m[31m[1m
^[22m[39m[31m[1m^
[22m[39m[31m[1m^
[22m[39m[31m[1m^[
22m[39m[31m[1m^[2
2m[39m[31m[1m^[22
m[39m[31m[1m^[22m
[39m[31m[1m^[22m
[39m[31m[1m^[22m[
39m[31m[1m^[22m[3
9m[31m[1m^[22m[39
m[31m[1m^[22m[39m
[31m[1m^[22m[39m
[31m[1m^[22m[39m[
31m[1m^[22m[39m[3
1m[1m^[22m[39m[31
m[1m^[22m[39m[31m
[1m^[22m[39m[31m
[1m^[22m[39m[31m[
1m^[22m[39m[31m[1
m^[22m[39m[31m[1m
^[22m[39m[31m[1m^
[22m[39m[31m[1m^
[22m[39m[31m[1m^[
22m[39m[31m[1m^[2
2m[39m
 [90m 4 |[39m
 [90m 5 |[39m 
[36mexport[39m 
[36masync[39m 
[36mfunction[39m [
33mPOST[39m(req[33m
:[39m 
[33mRequest[39m) {
 [90m 6 |[39m   
[36mconst[39m { 
name } [33m=[39m 
[36mawait[39m req[
33m.[39mjson()[33m;
[39m[0m



https://nextjs.org/do
cs/messages/module-no
t-found


./my-next-app/app/api
/products/route.ts:3:
1
Module not found: 
Can't resolve 
'slugify'
[0m [90m 1 |[39m 
[36mimport[39m { 
prisma } 
[36mfrom[39m [32m"
@/lib/prisma"[39m[3
3m;[39m
 [90m 2 |[39m 
[36mimport[39m { [
33mNextResponse[39m 
} [36mfrom[39m [32
m"next/server"[39m[
33m;[39m
[31m[1m>[22m[39m
[90m 3 |[39m 
[36mimport[39m 
slugify 
[36mfrom[39m [32m"
slugify"[39m[33m;[
39m
 [90m   |[39m [31m
[1m^[22m[39m[31m
[1m^[22m[39m[31m[
1m^[22m[39m[31m[1
m^[22m[39m[31m[1m
^[22m[39m[31m[1m^
[22m[39m[31m[1m^
[22m[39m[31m[1m^[
22m[39m[31m[1m^[2
2m[39m[31m[1m^[22
m[39m[31m[1m^[22m
[39m[31m[1m^[22m
[39m[31m[1m^[22m[
39m[31m[1m^[22m[3
9m[31m[1m^[22m[39
m[31m[1m^[22m[39m
[31m[1m^[22m[39m
[31m[1m^[22m[39m[
31m[1m^[22m[39m[3
1m[1m^[22m[39m[31
m[1m^[22m[39m[31m
[1m^[22m[39m[31m
[1m^[22m[39m[31m[
1m^[22m[39m[31m[1
m^[22m[39m[31m[1m
^[22m[39m[31m[1m^
[22m[39m[31m[1m^
[22m[39m[31m[1m^[
22m[39m[31m[1m^[2
2m[39m
 [90m 4 |[39m
 [90m 5 |[39m 
[36mexport[39m 
[36masync[39m 
[36mfunction[39m [
33mPOST[39m(req[33m
:[39m 
[33mRequest[39m) {
 [90m 6 |[39m   
[36mtry[39m {[0m



https://nextjs.org/do
cs/messages/module-no
t-found


./my-next-app/app/api
/subcategories/[id]/r
oute.ts:3:1
Module not found: 
Can't resolve 
'slugify'
[0m [90m 1 |[39m 
[36mimport[39m { 
prisma } 
[36mfrom[39m [32m"
@/lib/prisma"[39m[3
3m;[39m
 [90m 2 |[39m 
[36mimport[39m { [
33mNextResponse[39m 
} [36mfrom[39m [32
m"next/server"[39m[
33m;[39m
[31m[1m>[22m[39m
[90m 3 |[39m 
[36mimport[39m 
slugify 
[36mfrom[39m [32m"
slugify"[39m[33m;[
39m
 [90m   |[39m [31m
[1m^[22m[39m[31m
[1m^[22m[39m[31m[
1m^[22m[39m[31m[1
m^[22m[39m[31m[1m
^[22m[39m[31m[1m^
[22m[39m[31m[1m^
[22m[39m[31m[1m^[
22m[39m[31m[1m^[2
2m[39m[31m[1m^[22
m[39m[31m[1m^[22m
[39m[31m[1m^[22m
[39m[31m[1m^[22m[
39m[31m[1m^[22m[3
9m[31m[1m^[22m[39
m[31m[1m^[22m[39m
[31m[1m^[22m[39m
[31m[1m^[22m[39m[
31m[1m^[22m[39m[3
1m[1m^[22m[39m[31
m[1m^[22m[39m[31m
[1m^[22m[39m[31m
[1m^[22m[39m[31m[
1m^[22m[39m[31m[1
m^[22m[39m[31m[1m
^[22m[39m[31m[1m^
[22m[39m[31m[1m^
[22m[39m[31m[1m^[
22m[39m[31m[1m^[2
2m[39m
 [90m 4 |[39m
 [90m 5 |[39m 
[36mexport[39m 
[36masync[39m 
[36mfunction[39m [
33mPUT[39m(req[33m:
[39m [33mRequest[3
9m[33m,[39m { 
params }[33m:[39m 
any) {
 [90m 6 |[39m   
[36mconst[39m { 
name } [33m=[39m 
[36mawait[39m req[
33m.[39mjson()[33m;
[39m[0m



https://nextjs.org/do
cs/messages/module-no
t-found


./my-next-app/app/api
/subcategories/route.
ts:3:1
Module not found: 
Can't resolve 
'slugify'
[0m [90m 1 |[39m 
[36mimport[39m { 
prisma } 
[36mfrom[39m [32m"
@/lib/prisma"[39m[3
3m;[39m
 [90m 2 |[39m 
[36mimport[39m { [
33mNextResponse[39m 
} [36mfrom[39m [32
m"next/server"[39m[
33m;[39m
[31m[1m>[22m[39m
[90m 3 |[39m 
[36mimport[39m 
slugify 
[36mfrom[39m [32m"
slugify"[39m[33m;[
39m
 [90m   |[39m [31m
[1m^[22m[39m[31m
[1m^[22m[39m[31m[
1m^[22m[39m[31m[1
m^[22m[39m[31m[1m
^[22m[39m[31m[1m^
[22m[39m[31m[1m^
[22m[39m[31m[1m^[
22m[39m[31m[1m^[2
2m[39m[31m[1m^[22
m[39m[31m[1m^[22m
[39m[31m[1m^[22m
[39m[31m[1m^[22m[
39m[31m[1m^[22m[3
9m[31m[1m^[22m[39
m[31m[1m^[22m[39m
[31m[1m^[22m[39m
[31m[1m^[22m[39m[
31m[1m^[22m[39m[3
1m[1m^[22m[39m[31
m[1m^[22m[39m[31m
[1m^[22m[39m[31m
[1m^[22m[39m[31m[
1m^[22m[39m[31m[1
m^[22m[39m[31m[1m
^[22m[39m[31m[1m^
[22m[39m[31m[1m^
[22m[39m[31m[1m^[
22m[39m[31m[1m^[2
2m[39m
 [90m 4 |[39m
 [90m 5 |[39m 
[36mexport[39m 
[36masync[39m 
[36mfunction[39m [
33mPOST[39m(req[33m
:[39m 
[33mRequest[39m) {
 [90m 6 |[39m   
[36mconst[39m { 
name[33m,[39m 
categoryId } 
[33m=[39m 
[36mawait[39m req[
33m.[39mjson()[33m;
[39m[0m



https://nextjs.org/do
cs/messages/module-no
t-found


    at <unknown> (./m
y-next-app/lib/prisma
.ts:1:1)
    at <unknown> (htt
ps://nextjs.org/docs/
messages/module-not-f
ound)
    at <unknown> (./m
y-next-app/app/api/ad
min/login/route.ts:2:
1)
    at <unknown> (htt
ps://nextjs.org/docs/
messages/module-not-f
ound)
    at <unknown> (./m
y-next-app/app/api/ad
min/register/route.ts
:3:1)
    at <unknown> (htt
ps://nextjs.org/docs/
messages/module-not-f
ound)
    at <unknown> (./m
y-next-app/middleware
.ts:3:1)
    at <unknown> (htt
ps://nextjs.org/docs/
messages/module-not-f
ound)
    at <unknown> (./m
y-next-app/app/api/ad
min/login/route.ts:3:
1)
    at <unknown> (htt
ps://nextjs.org/docs/
messages/module-not-f
ound)
    at <unknown> (./m
y-next-app/app/api/ad
min/register/route.ts
:4:1)
    at <unknown> (htt
ps://nextjs.org/docs/
messages/module-not-f
ound)
    at <unknown> (./m
y-next-app/app/api/ad
min/verify/route.ts:2
:1)
    at <unknown> (htt
ps://nextjs.org/docs/
messages/module-not-f
ound)
    at <unknown> (./m
y-next-app/app/api/br
ands/[id]/route.ts:3:
1)
    at <unknown> (htt
ps://nextjs.org/docs/
messages/module-not-f
ound)
    at <unknown> (./m
y-next-app/app/api/br
ands/route.ts:3:1)
    at <unknown> (htt
ps://nextjs.org/docs/
messages/module-not-f
ound)
    at <unknown> (./m
y-next-app/app/api/ca
tegories/[id]/route.t
s:3:1)
    at <unknown> (htt
ps://nextjs.org/docs/
messages/module-not-f
ound)
    at <unknown> (./m
y-next-app/app/api/ca
tegories/route.ts:3:1
)
    at <unknown> (htt
ps://nextjs.org/docs/
messages/module-not-f
ound)
    at <unknown> (./m
y-next-app/app/api/pr
oducts/route.ts:3:1)
    at <unknown> (htt
ps://nextjs.org/docs/
messages/module-not-f
ound)
    at <unknown> (./m
y-next-app/app/api/su
bcategories/[id]/rout
e.ts:3:1)
    at <unknown> (htt
ps://nextjs.org/docs/
messages/module-not-f
ound)
    at <unknown> (./m
y-next-app/app/api/su
bcategories/route.ts:
3:1)
    at <unknown> (htt
ps://nextjs.org/docs/
messages/module-not-f
ound)
